// Jest Snapshot v1, https://goo.gl/fbAQLP

exports[` 1`] = `
  1 |
> 2 |         # eslint-disable-next-line non-existing-rule
    |          ^ Definition for rule 'non-existing-rule' was not found.
  3 |         query {
  4 |           a
  5 |         }
  6 |       
`;

exports[` 2`] = `
  1 |
  2 |         # eslint-disable-next-line non-existing-rule
> 3 |         query {
    |         ^^^^^ Anonymous GraphQL operations are forbidden. Please make sure to name your query!
  4 |           a
  5 |         }
  6 |       
`;

exports[` 3`] = `
  1 |
> 2 |         query {
    |         ^^^^^ Anonymous GraphQL operations are forbidden. Please make sure to name your query!
  3 |           a
  4 |         }
  5 |       
`;
