// Jest Snapshot v1, https://goo.gl/fbAQLP

exports[` 1`] = `
> 1 | type Query { t: String }
    | ^ The "Query" definition is not executable.
`;
