// Jest Snapshot v1, https://goo.gl/fbAQLP

exports[` 1`] = `
> 1 | fragment UserFields on User { id bad age }
    |                                  ^^^ Cannot query field "bad" on type "User". Did you mean "id"?
`;

exports[` 2`] = `
  1 |
  2 |         {
  3 |           user {
  4 |             id
> 5 |             veryBad
    |             ^^^^^^^ Cannot query field "veryBad" on type "User".
  6 |             age
  7 |           }
  8 |         }
  9 |       
`;
