// Jest Snapshot v1, https://goo.gl/fbAQLP

exports[` 1`] = `
Error 1/1

> 1 | scalar Foo @bad
    |             ^^^ Unknown directive "@bad".
`;
