// Jest Snapshot v1, https://goo.gl/fbAQLP

exports[` 1`] = `
   1 |
   2 |         type Query {
   3 |           foo: String
   4 |         }
   5 |
   6 |         type Mutation {
   7 |           bar: Boolean
   8 |         }
   9 |
  10 |         schema {
  11 |           query: Query
  12 |           mutation: Mutation
  13 |         }
  14 |
  15 |         type RootQuery {
  16 |           foo: String
  17 |         }
  18 |
  19 |         type RootMutation {
  20 |           bar: Boolean
  21 |         }
  22 |
> 23 |         schema {
     |          ^ Must provide only one schema definition.
  24 |           query: RootQuery
  25 |           mutation: RootMutation
  26 |         }
  27 |       
`;
