// Jest Snapshot v1, https://goo.gl/fbAQLP

exports[` 1`] = `
Error 1/1

> 1 | enum A { TEST TesT }
    |               ^^^^ Case-insensitive enum values duplicates are not allowed! Found: "TesT"
`;

exports[` 2`] = `
Error 1/1

> 1 | extend enum A { TEST TesT }
    |                      ^^^^ Case-insensitive enum values duplicates are not allowed! Found: "TesT"
`;
