// Jest Snapshot v1, https://goo.gl/fbAQLP

exports[` 1`] = `
  1 |
> 2 |         # Bad
    |          ^ Using hashtag (#) for adding GraphQL descriptions is not allowed. Prefer using """ for multiline, or " for a single line description.
  3 |         type Query {
  4 |           foo: String
  5 |         }
  6 |       
`;

exports[` 2`] = `
  1 |
  2 |         # multiline
> 3 |         # multiline
    |          ^ Using hashtag (#) for adding GraphQL descriptions is not allowed. Prefer using """ for multiline, or " for a single line description.
  4 |         type Query {
  5 |           foo: String
  6 |         }
  7 |       
`;

exports[` 3`] = `
  1 |
  2 |         type Query {
> 3 |           # Bad
    |            ^ Using hashtag (#) for adding GraphQL descriptions is not allowed. Prefer using """ for multiline, or " for a single line description.
  4 |           foo: String
  5 |         }
  6 |       
`;

exports[` 4`] = `
  1 |
  2 |         type Query {
  3 |           bar: ID
> 4 |           # Bad
    |            ^ Using hashtag (#) for adding GraphQL descriptions is not allowed. Prefer using """ for multiline, or " for a single line description.
  5 |           foo: ID
  6 |           # Good
  7 |         }
  8 |       
`;

exports[` 5`] = `
  1 |
  2 |         type Query {
  3 |           user(
> 4 |             # Bad
    |              ^ Using hashtag (#) for adding GraphQL descriptions is not allowed. Prefer using """ for multiline, or " for a single line description.
  5 |             id: Int!
  6 |           ): User
  7 |         }
  8 |       
`;
