// Jest Snapshot v1, https://goo.gl/fbAQLP

exports[` 1`] = `
  1 |
  2 |         # normalize graphql
  3 |         type User {
  4 |           id: ID!
> 5 |           firstName: String
    |           ^^^^^^^^^ Field "firstName" is unused
  6 |         }
  7 |       
`;

exports[` 2`] = `
   1 |
   2 |         # normalize graphql
   3 |         type Query {
   4 |           user(id: ID!): User
   5 |         }
   6 |
   7 |         type Mutation {
>  8 |           deleteUser(id: ID!): User
     |           ^^^^^^^^^^ Field "deleteUser" is unused
   9 |         }
  10 |       
`;
