// Jest Snapshot v1, https://goo.gl/fbAQLP

exports[` 1`] = `
  1 |
  2 |         type User {
  3 |           id: ID!
  4 |         }
  5 |
> 6 |         extend type OtherUser {
    |                     ^^^^^^^^^ Cannot extend type "OtherUser" because it is not defined.
  7 |           name: String!
  8 |         }
  9 |       
`;
