// Jest Snapshot v1, https://goo.gl/fbAQLP

exports[` 1`] = `
  1 |
  2 |         type Query
  3 |         type Mutation {
> 4 |           createUser: User!
    |                       ^^^^ Mutation result type "User" must contain field of type "Query".
  5 |         }
  6 |       
`;

exports[` 2`] = `
  1 |
  2 |         type Query
  3 |         type Mutation
  4 |
  5 |         extend type Mutation {
> 6 |           createUser: User!
    |                       ^^^^ Mutation result type "User" must contain field of type "Query".
  7 |         }
  8 |       
`;

exports[` 3`] = `
   1 |
   2 |         type RootQuery
   3 |         type RootMutation {
>  4 |           createUser: User!
     |                       ^^^^ Mutation result type "User" must contain field of type "RootQuery".
   5 |         }
   6 |
   7 |         schema {
   8 |           mutation: RootMutation
   9 |           query: RootQuery
  10 |         }
  11 |       
`;

exports[` 4`] = `
   1 |
   2 |         type RootQuery
   3 |         type RootMutation
   4 |         extend type RootMutation {
>  5 |           createUser: User!
     |                       ^^^^ Mutation result type "User" must contain field of type "RootQuery".
   6 |         }
   7 |
   8 |         schema {
   9 |           mutation: RootMutation
  10 |           query: RootQuery
  11 |         }
  12 |       
`;
