// Jest Snapshot v1, https://goo.gl/fbAQLP

exports[` 1`] = `
❌ Error 1/1

  1 |
> 2 |         type Query {
    |              ^^^^^ There can be only one type named "Query".
  3 |           foo: String
  4 |         }
  5 |
  6 |         type Query {
  7 |           bar: Boolean
  8 |         }
  9 |       
`;
